// Jest Snapshot v1, https://goo.gl/fbAQLP

exports[`QuestionComponent Snapshot test With question data 1`] = `
<View
  style={
    Object {
      "marginVertical": 16,
      "width": "100%",
    }
  }
>
  <Text
    style={
      Array [
        Object {
          "color": "#000000",
          "fontFamily": "System",
          "fontWeight": "400",
          "textAlign": "left",
        },
        Array [
          Object {
            "color": "rgba(0, 0, 0, 0.87)",
            "fontFamily": "System",
            "fontWeight": "500",
            "textAlign": "left",
            "writingDirection": "ltr",
          },
          Array [
            Object {
              "fontSize": 20,
              "letterSpacing": 0.15,
              "lineHeight": 30,
              "marginVertical": 2,
            },
            undefined,
          ],
          Array [
            Object {
              "fontSize": 20,
              "letterSpacing": 0.15,
              "lineHeight": 30,
              "marginVertical": 2,
            },
            undefined,
          ],
        ],
      ]
    }
  >
    Favorite programming language?
  </Text>
  <Text
    style={
      Array [
        Object {
          "color": "#000000",
          "fontFamily": "System",
          "fontWeight": "400",
          "textAlign": "left",
        },
        Array [
          Object {
            "color": "rgba(0, 0, 0, 0.87)",
            "fontFamily": "System",
            "fontWeight": "400",
            "textAlign": "left",
            "writingDirection": "ltr",
          },
          Array [
            Object {
              "fontSize": 14,
              "letterSpacing": 0.25,
              "lineHeight": 20,
              "marginVertical": 2,
            },
            undefined,
          ],
          Array [
            Object {
              "fontSize": 14,
              "letterSpacing": 0.25,
              "lineHeight": 20,
              "marginVertical": 2,
            },
            undefined,
          ],
        ],
      ]
    }
  >
    2020-04-15T14:49:59.810110+00:00
  </Text>
</View>
`;
