// Jest Snapshot v1, https://goo.gl/fbAQLP

exports[`QuestionDetailsComponent Snapshot test With question data 1`] = `
<View
  style={
    Array [
      Object {
        "backgroundColor": "white",
        "height": "100%",
        "width": "100%",
      },
      Object {
        "paddingBottom": 20,
      },
    ]
  }
>
  <RCTSafeAreaView
    emulateUnlessSupported={true}
    style={
      Array [
        Object {
          "backgroundColor": "#3C7AFF",
          "elevation": 4,
          "zIndex": 0,
        },
        Object {
          "shadowColor": "#000000",
          "shadowOffset": Object {
            "height": 3,
            "width": 0,
          },
          "shadowOpacity": 0.24,
          "shadowRadius": 4,
        },
      ]
    }
  >
    <View
      style={
        Object {
          "alignItems": "center",
          "backgroundColor": "#3C7AFF",
          "elevation": 0,
          "flexDirection": "row",
          "height": 56,
          "marginTop": 0,
          "paddingHorizontal": 4,
        }
      }
    >
      <View
        style={
          Object {
            "width": 48,
          }
        }
      />
      <View
        accessible={true}
        focusable={false}
        onClick={[Function]}
        onResponderGrant={[Function]}
        onResponderMove={[Function]}
        onResponderRelease={[Function]}
        onResponderTerminate={[Function]}
        onResponderTerminationRequest={[Function]}
        onStartShouldSetResponder={[Function]}
        style={
          Array [
            Object {
              "flex": 1,
              "paddingHorizontal": 12,
            },
            Array [
              false,
              Object {
                "alignItems": "center",
              },
              undefined,
            ],
          ]
        }
      >
        <Text
          accessibilityRole="header"
          accessibilityTraits="header"
          accessible={true}
          numberOfLines={1}
          style={
            Array [
              Object {
                "color": "#000000",
                "fontFamily": "System",
                "fontWeight": "400",
                "textAlign": "left",
              },
              Array [
                Object {
                  "color": "#ffffff",
                  "fontFamily": "System",
                  "fontWeight": "400",
                },
                Object {
                  "fontSize": 17,
                },
                undefined,
              ],
            ]
          }
        >
          Poll Question
        </Text>
      </View>
      <View
        style={
          Object {
            "width": 48,
          }
        }
      />
    </View>
  </RCTSafeAreaView>
  <View
    style={
      Object {
        "flex": 1,
        "marginTop": 16,
        "paddingHorizontal": 16,
      }
    }
  >
    <View
      style={
        Object {
          "marginVertical": 16,
          "width": "100%",
        }
      }
    >
      <Text
        style={
          Array [
            Object {
              "color": "#000000",
              "fontFamily": "System",
              "fontWeight": "400",
              "textAlign": "left",
            },
            Array [
              Object {
                "color": "rgba(0, 0, 0, 0.87)",
                "fontFamily": "System",
                "fontWeight": "500",
                "textAlign": "left",
                "writingDirection": "ltr",
              },
              Array [
                Object {
                  "fontSize": 20,
                  "letterSpacing": 0.15,
                  "lineHeight": 30,
                  "marginVertical": 2,
                },
                undefined,
              ],
              Array [
                Object {
                  "fontSize": 20,
                  "letterSpacing": 0.15,
                  "lineHeight": 30,
                  "marginVertical": 2,
                },
                undefined,
              ],
            ],
          ]
        }
      >
        Favorite programming language?
      </Text>
      <Text
        style={
          Array [
            Object {
              "color": "#000000",
              "fontFamily": "System",
              "fontWeight": "400",
              "textAlign": "left",
            },
            Array [
              Object {
                "color": "rgba(0, 0, 0, 0.87)",
                "fontFamily": "System",
                "fontWeight": "400",
                "textAlign": "left",
                "writingDirection": "ltr",
              },
              Array [
                Object {
                  "fontSize": 14,
                  "letterSpacing": 0.25,
                  "lineHeight": 20,
                  "marginVertical": 2,
                },
                undefined,
              ],
              Array [
                Object {
                  "fontSize": 14,
                  "letterSpacing": 0.25,
                  "lineHeight": 20,
                  "marginVertical": 2,
                },
                undefined,
              ],
            ],
          ]
        }
      >
        2020-04-15
      </Text>
    </View>
    <View
      style={
        Array [
          Object {
            "alignItems": "center",
            "borderRadius": 24,
            "flexDirection": "row",
            "justifyContent": "space-between",
            "marginVertical": 8,
            "width": "100%",
          },
          Object {
            "backgroundColor": "#F1F5FF",
          },
        ]
      }
    >
      <View
        style={
          Array [
            Object {
              "borderRadius": 24,
              "height": "100%",
              "position": "absolute",
            },
            false,
          ]
        }
      />
      <View
        style={
          Array [
            Object {
              "alignItems": "center",
              "backgroundColor": "transparent",
              "flexDirection": "row",
              "justifyContent": "flex-start",
            },
          ]
        }
      >
        <View
          accessibilityLiveRegion="polite"
          accessibilityRole="button"
          accessible={true}
          focusable={true}
          onClick={[Function]}
          onResponderGrant={[Function]}
          onResponderMove={[Function]}
          onResponderRelease={[Function]}
          onResponderTerminate={[Function]}
          onResponderTerminationRequest={[Function]}
          onStartShouldSetResponder={[Function]}
          style={
            Array [
              Object {
                "overflow": "hidden",
              },
              Object {
                "borderRadius": 18,
              },
            ]
          }
        >
          <View
            style={
              Object {
                "borderColor": "#BFD3FE",
                "borderRadius": 10,
                "borderWidth": 2,
                "height": 20,
                "margin": 8,
                "width": 20,
              }
            }
          />
        </View>
        <Text
          style={
            Array [
              Object {
                "color": "#000000",
                "fontFamily": "System",
                "fontWeight": "400",
                "textAlign": "left",
              },
              Array [
                false,
              ],
            ]
          }
        >
          Objective-C
        </Text>
      </View>
      <Text
        style={
          Array [
            Object {
              "color": "#000000",
              "fontFamily": "System",
              "fontWeight": "400",
              "textAlign": "left",
            },
            Array [
              Object {
                "marginRight": 8,
              },
              false,
            ],
          ]
        }
      >
        0.00%
      </Text>
    </View>
    <View
      style={
        Array [
          Object {
            "alignItems": "center",
            "borderRadius": 24,
            "flexDirection": "row",
            "justifyContent": "space-between",
            "marginVertical": 8,
            "width": "100%",
          },
          Object {
            "backgroundColor": "#F1F5FF",
          },
        ]
      }
    >
      <View
        style={
          Array [
            Object {
              "borderRadius": 24,
              "height": "100%",
              "position": "absolute",
            },
            false,
          ]
        }
      />
      <View
        style={
          Array [
            Object {
              "alignItems": "center",
              "backgroundColor": "transparent",
              "flexDirection": "row",
              "justifyContent": "flex-start",
            },
          ]
        }
      >
        <View
          accessibilityLiveRegion="polite"
          accessibilityRole="button"
          accessible={true}
          focusable={true}
          onClick={[Function]}
          onResponderGrant={[Function]}
          onResponderMove={[Function]}
          onResponderRelease={[Function]}
          onResponderTerminate={[Function]}
          onResponderTerminationRequest={[Function]}
          onStartShouldSetResponder={[Function]}
          style={
            Array [
              Object {
                "overflow": "hidden",
              },
              Object {
                "borderRadius": 18,
              },
            ]
          }
        >
          <View
            style={
              Object {
                "borderColor": "#BFD3FE",
                "borderRadius": 10,
                "borderWidth": 2,
                "height": 20,
                "margin": 8,
                "width": 20,
              }
            }
          />
        </View>
        <Text
          style={
            Array [
              Object {
                "color": "#000000",
                "fontFamily": "System",
                "fontWeight": "400",
                "textAlign": "left",
              },
              Array [
                false,
              ],
            ]
          }
        >
          Python
        </Text>
      </View>
      <Text
        style={
          Array [
            Object {
              "color": "#000000",
              "fontFamily": "System",
              "fontWeight": "400",
              "textAlign": "left",
            },
            Array [
              Object {
                "marginRight": 8,
              },
              false,
            ],
          ]
        }
      >
        0.00%
      </Text>
    </View>
    <View
      style={
        Array [
          Object {
            "alignItems": "center",
            "borderRadius": 24,
            "flexDirection": "row",
            "justifyContent": "space-between",
            "marginVertical": 8,
            "width": "100%",
          },
          Object {
            "backgroundColor": "#F1F5FF",
          },
        ]
      }
    >
      <View
        style={
          Array [
            Object {
              "borderRadius": 24,
              "height": "100%",
              "position": "absolute",
            },
            false,
          ]
        }
      />
      <View
        style={
          Array [
            Object {
              "alignItems": "center",
              "backgroundColor": "transparent",
              "flexDirection": "row",
              "justifyContent": "flex-start",
            },
          ]
        }
      >
        <View
          accessibilityLiveRegion="polite"
          accessibilityRole="button"
          accessible={true}
          focusable={true}
          onClick={[Function]}
          onResponderGrant={[Function]}
          onResponderMove={[Function]}
          onResponderRelease={[Function]}
          onResponderTerminate={[Function]}
          onResponderTerminationRequest={[Function]}
          onStartShouldSetResponder={[Function]}
          style={
            Array [
              Object {
                "overflow": "hidden",
              },
              Object {
                "borderRadius": 18,
              },
            ]
          }
        >
          <View
            style={
              Object {
                "borderColor": "#BFD3FE",
                "borderRadius": 10,
                "borderWidth": 2,
                "height": 20,
                "margin": 8,
                "width": 20,
              }
            }
          />
        </View>
        <Text
          style={
            Array [
              Object {
                "color": "#000000",
                "fontFamily": "System",
                "fontWeight": "400",
                "textAlign": "left",
              },
              Array [
                false,
              ],
            ]
          }
        >
          Ruby
        </Text>
      </View>
      <Text
        style={
          Array [
            Object {
              "color": "#000000",
              "fontFamily": "System",
              "fontWeight": "400",
              "textAlign": "left",
            },
            Array [
              Object {
                "marginRight": 8,
              },
              false,
            ],
          ]
        }
      >
        0.00%
      </Text>
    </View>
    <View
      style={
        Array [
          Object {
            "alignItems": "center",
            "borderRadius": 24,
            "flexDirection": "row",
            "justifyContent": "space-between",
            "marginVertical": 8,
            "width": "100%",
          },
          Object {
            "backgroundColor": "#F1F5FF",
          },
        ]
      }
    >
      <View
        style={
          Array [
            Object {
              "borderRadius": 24,
              "height": "100%",
              "position": "absolute",
            },
            false,
          ]
        }
      />
      <View
        style={
          Array [
            Object {
              "alignItems": "center",
              "backgroundColor": "transparent",
              "flexDirection": "row",
              "justifyContent": "flex-start",
            },
          ]
        }
      >
        <View
          accessibilityLiveRegion="polite"
          accessibilityRole="button"
          accessible={true}
          focusable={true}
          onClick={[Function]}
          onResponderGrant={[Function]}
          onResponderMove={[Function]}
          onResponderRelease={[Function]}
          onResponderTerminate={[Function]}
          onResponderTerminationRequest={[Function]}
          onStartShouldSetResponder={[Function]}
          style={
            Array [
              Object {
                "overflow": "hidden",
              },
              Object {
                "borderRadius": 18,
              },
            ]
          }
        >
          <View
            style={
              Object {
                "borderColor": "#BFD3FE",
                "borderRadius": 10,
                "borderWidth": 2,
                "height": 20,
                "margin": 8,
                "width": 20,
              }
            }
          />
        </View>
        <Text
          style={
            Array [
              Object {
                "color": "#000000",
                "fontFamily": "System",
                "fontWeight": "400",
                "textAlign": "left",
              },
              Array [
                false,
              ],
            ]
          }
        >
          Swift
        </Text>
      </View>
      <Text
        style={
          Array [
            Object {
              "color": "#000000",
              "fontFamily": "System",
              "fontWeight": "400",
              "textAlign": "left",
            },
            Array [
              Object {
                "marginRight": 8,
              },
              false,
            ],
          ]
        }
      >
        0.00%
      </Text>
    </View>
  </View>
  <View
    style={
      Object {
        "backgroundColor": "#D8D8D8",
        "borderColor": "transparent",
        "borderRadius": 4,
        "borderStyle": "solid",
        "borderWidth": 0,
        "elevation": 0,
        "marginBottom": 16,
        "marginHorizontal": 16,
        "minWidth": 64,
      }
    }
  >
    <View
      accessibilityRole="button"
      accessible={true}
      focusable={true}
      onClick={[Function]}
      onResponderGrant={[Function]}
      onResponderMove={[Function]}
      onResponderRelease={[Function]}
      onResponderTerminate={[Function]}
      onResponderTerminationRequest={[Function]}
      onStartShouldSetResponder={[Function]}
      style={
        Array [
          Object {
            "overflow": "hidden",
          },
          Object {
            "borderRadius": 4,
          },
        ]
      }
    >
      <View
        style={
          Array [
            Object {
              "alignItems": "center",
              "flexDirection": "row",
              "justifyContent": "center",
            },
            undefined,
          ]
        }
      >
        <Text
          numberOfLines={1}
          style={
            Array [
              Object {
                "color": "#000000",
                "fontFamily": "System",
                "fontWeight": "400",
                "textAlign": "left",
              },
              Array [
                Object {
                  "letterSpacing": 1,
                  "marginHorizontal": 16,
                  "marginVertical": 9,
                  "textAlign": "center",
                },
                undefined,
                Object {
                  "textTransform": "uppercase",
                },
                Object {
                  "color": "rgba(0, 0, 0, 0.32)",
                  "fontFamily": "System",
                  "fontWeight": "500",
                },
                Object {
                  "fontFamily": "System",
                  "fontWeight": "500",
                },
                undefined,
              ],
            ]
          }
        >
          Vote
        </Text>
      </View>
    </View>
  </View>
</View>
`;
